// Jest Snapshot v1, https://goo.gl/fbAQLP

exports[`ErrorScreen ErrorScreen shows a fallback UI when a component has crashed 1`] = `
<h1>
  Something went wrong.
</h1>
`;
